Archive member included to satisfy reference by file (symbol)

c:/program files (x86)/stm32cubeide_1.7.0/stm32cubeide/plugins/com.st.stm32cube.ide.mcu.externaltools.gnu-tools-for-stm32.9-2020-q2-update.win32_2.0.0.202105311346/tools/bin/../lib/gcc/arm-none-eabi/9.3.1/../../../../arm-none-eabi/lib/thumb/v7e-m+fp/hard\libc_nano.a(lib_a-errno.o)
                              ./Src/syscalls.o (__errno)
c:/program files (x86)/stm32cubeide_1.7.0/stm32cubeide/plugins/com.st.stm32cube.ide.mcu.externaltools.gnu-tools-for-stm32.9-2020-q2-update.win32_2.0.0.202105311346/tools/bin/../lib/gcc/arm-none-eabi/9.3.1/../../../../arm-none-eabi/lib/thumb/v7e-m+fp/hard\libc_nano.a(lib_a-exit.o)
                              c:/program files (x86)/stm32cubeide_1.7.0/stm32cubeide/plugins/com.st.stm32cube.ide.mcu.externaltools.gnu-tools-for-stm32.9-2020-q2-update.win32_2.0.0.202105311346/tools/bin/../lib/gcc/arm-none-eabi/9.3.1/../../../../arm-none-eabi/lib/thumb/v7e-m+fp/hard/crt0.o (exit)
c:/program files (x86)/stm32cubeide_1.7.0/stm32cubeide/plugins/com.st.stm32cube.ide.mcu.externaltools.gnu-tools-for-stm32.9-2020-q2-update.win32_2.0.0.202105311346/tools/bin/../lib/gcc/arm-none-eabi/9.3.1/../../../../arm-none-eabi/lib/thumb/v7e-m+fp/hard\libc_nano.a(lib_a-impure.o)
                              c:/program files (x86)/stm32cubeide_1.7.0/stm32cubeide/plugins/com.st.stm32cube.ide.mcu.externaltools.gnu-tools-for-stm32.9-2020-q2-update.win32_2.0.0.202105311346/tools/bin/../lib/gcc/arm-none-eabi/9.3.1/../../../../arm-none-eabi/lib/thumb/v7e-m+fp/hard\libc_nano.a(lib_a-exit.o) (_global_impure_ptr)
c:/program files (x86)/stm32cubeide_1.7.0/stm32cubeide/plugins/com.st.stm32cube.ide.mcu.externaltools.gnu-tools-for-stm32.9-2020-q2-update.win32_2.0.0.202105311346/tools/bin/../lib/gcc/arm-none-eabi/9.3.1/../../../../arm-none-eabi/lib/thumb/v7e-m+fp/hard\libc_nano.a(lib_a-init.o)
                              c:/program files (x86)/stm32cubeide_1.7.0/stm32cubeide/plugins/com.st.stm32cube.ide.mcu.externaltools.gnu-tools-for-stm32.9-2020-q2-update.win32_2.0.0.202105311346/tools/bin/../lib/gcc/arm-none-eabi/9.3.1/../../../../arm-none-eabi/lib/thumb/v7e-m+fp/hard/crt0.o (__libc_init_array)
c:/program files (x86)/stm32cubeide_1.7.0/stm32cubeide/plugins/com.st.stm32cube.ide.mcu.externaltools.gnu-tools-for-stm32.9-2020-q2-update.win32_2.0.0.202105311346/tools/bin/../lib/gcc/arm-none-eabi/9.3.1/../../../../arm-none-eabi/lib/thumb/v7e-m+fp/hard\libc_nano.a(lib_a-memset.o)
                              c:/program files (x86)/stm32cubeide_1.7.0/stm32cubeide/plugins/com.st.stm32cube.ide.mcu.externaltools.gnu-tools-for-stm32.9-2020-q2-update.win32_2.0.0.202105311346/tools/bin/../lib/gcc/arm-none-eabi/9.3.1/../../../../arm-none-eabi/lib/thumb/v7e-m+fp/hard/crt0.o (memset)

Allocating common symbols
Common symbol       size              file

SPI_Handle          0x3c              ./Src/main.o

Discarded input sections

 .text          0x0000000000000000        0x0 c:/program files (x86)/stm32cubeide_1.7.0/stm32cubeide/plugins/com.st.stm32cube.ide.mcu.externaltools.gnu-tools-for-stm32.9-2020-q2-update.win32_2.0.0.202105311346/tools/bin/../lib/gcc/arm-none-eabi/9.3.1/thumb/v7e-m+fp/hard/crti.o
 .data          0x0000000000000000        0x0 c:/program files (x86)/stm32cubeide_1.7.0/stm32cubeide/plugins/com.st.stm32cube.ide.mcu.externaltools.gnu-tools-for-stm32.9-2020-q2-update.win32_2.0.0.202105311346/tools/bin/../lib/gcc/arm-none-eabi/9.3.1/thumb/v7e-m+fp/hard/crti.o
 .bss           0x0000000000000000        0x0 c:/program files (x86)/stm32cubeide_1.7.0/stm32cubeide/plugins/com.st.stm32cube.ide.mcu.externaltools.gnu-tools-for-stm32.9-2020-q2-update.win32_2.0.0.202105311346/tools/bin/../lib/gcc/arm-none-eabi/9.3.1/thumb/v7e-m+fp/hard/crti.o
 .data          0x0000000000000000        0x4 c:/program files (x86)/stm32cubeide_1.7.0/stm32cubeide/plugins/com.st.stm32cube.ide.mcu.externaltools.gnu-tools-for-stm32.9-2020-q2-update.win32_2.0.0.202105311346/tools/bin/../lib/gcc/arm-none-eabi/9.3.1/thumb/v7e-m+fp/hard/crtbegin.o
 .text          0x0000000000000000       0x7c c:/program files (x86)/stm32cubeide_1.7.0/stm32cubeide/plugins/com.st.stm32cube.ide.mcu.externaltools.gnu-tools-for-stm32.9-2020-q2-update.win32_2.0.0.202105311346/tools/bin/../lib/gcc/arm-none-eabi/9.3.1/../../../../arm-none-eabi/lib/thumb/v7e-m+fp/hard/crt0.o
 .data          0x0000000000000000        0x0 c:/program files (x86)/stm32cubeide_1.7.0/stm32cubeide/plugins/com.st.stm32cube.ide.mcu.externaltools.gnu-tools-for-stm32.9-2020-q2-update.win32_2.0.0.202105311346/tools/bin/../lib/gcc/arm-none-eabi/9.3.1/../../../../arm-none-eabi/lib/thumb/v7e-m+fp/hard/crt0.o
 .bss           0x0000000000000000        0x0 c:/program files (x86)/stm32cubeide_1.7.0/stm32cubeide/plugins/com.st.stm32cube.ide.mcu.externaltools.gnu-tools-for-stm32.9-2020-q2-update.win32_2.0.0.202105311346/tools/bin/../lib/gcc/arm-none-eabi/9.3.1/../../../../arm-none-eabi/lib/thumb/v7e-m+fp/hard/crt0.o
 .ARM.extab     0x0000000000000000        0x0 c:/program files (x86)/stm32cubeide_1.7.0/stm32cubeide/plugins/com.st.stm32cube.ide.mcu.externaltools.gnu-tools-for-stm32.9-2020-q2-update.win32_2.0.0.202105311346/tools/bin/../lib/gcc/arm-none-eabi/9.3.1/../../../../arm-none-eabi/lib/thumb/v7e-m+fp/hard/crt0.o
 .ARM.exidx     0x0000000000000000       0x10 c:/program files (x86)/stm32cubeide_1.7.0/stm32cubeide/plugins/com.st.stm32cube.ide.mcu.externaltools.gnu-tools-for-stm32.9-2020-q2-update.win32_2.0.0.202105311346/tools/bin/../lib/gcc/arm-none-eabi/9.3.1/../../../../arm-none-eabi/lib/thumb/v7e-m+fp/hard/crt0.o
 .ARM.attributes
                0x0000000000000000       0x1c c:/program files (x86)/stm32cubeide_1.7.0/stm32cubeide/plugins/com.st.stm32cube.ide.mcu.externaltools.gnu-tools-for-stm32.9-2020-q2-update.win32_2.0.0.202105311346/tools/bin/../lib/gcc/arm-none-eabi/9.3.1/../../../../arm-none-eabi/lib/thumb/v7e-m+fp/hard/crt0.o
 .group         0x0000000000000000        0xc ./Src/main.o
 .group         0x0000000000000000        0xc ./Src/main.o
 .group         0x0000000000000000        0xc ./Src/main.o
 .group         0x0000000000000000        0xc ./Src/main.o
 .group         0x0000000000000000        0xc ./Src/main.o
 .group         0x0000000000000000        0xc ./Src/main.o
 .group         0x0000000000000000        0xc ./Src/main.o
 .group         0x0000000000000000        0xc ./Src/main.o
 .group         0x0000000000000000        0xc ./Src/main.o
 .group         0x0000000000000000        0xc ./Src/main.o
 .group         0x0000000000000000        0xc ./Src/main.o
 .group         0x0000000000000000        0xc ./Src/main.o
 .group         0x0000000000000000        0xc ./Src/main.o
 .group         0x0000000000000000        0xc ./Src/main.o
 .group         0x0000000000000000        0xc ./Src/main.o
 .group         0x0000000000000000        0xc ./Src/main.o
 .group         0x0000000000000000        0xc ./Src/main.o
 .group         0x0000000000000000        0xc ./Src/main.o
 .group         0x0000000000000000        0xc ./Src/main.o
 .group         0x0000000000000000        0xc ./Src/main.o
 .group         0x0000000000000000        0xc ./Src/main.o
 .group         0x0000000000000000        0xc ./Src/main.o
 .group         0x0000000000000000        0xc ./Src/main.o
 .group         0x0000000000000000        0xc ./Src/main.o
 .group         0x0000000000000000        0xc ./Src/main.o
 .group         0x0000000000000000        0xc ./Src/main.o
 .group         0x0000000000000000        0xc ./Src/main.o
 .group         0x0000000000000000        0xc ./Src/main.o
 .group         0x0000000000000000        0xc ./Src/main.o
 .text          0x0000000000000000        0x0 ./Src/main.o
 .data          0x0000000000000000        0x0 ./Src/main.o
 .bss           0x0000000000000000        0x0 ./Src/main.o
 COMMON         0x0000000000000000       0x3c ./Src/main.o
 .group         0x0000000000000000        0xc ./Src/syscalls.o
 .group         0x0000000000000000        0xc ./Src/syscalls.o
 .group         0x0000000000000000        0xc ./Src/syscalls.o
 .group         0x0000000000000000        0xc ./Src/syscalls.o
 .group         0x0000000000000000        0xc ./Src/syscalls.o
 .group         0x0000000000000000        0xc ./Src/syscalls.o
 .group         0x0000000000000000        0xc ./Src/syscalls.o
 .group         0x0000000000000000        0xc ./Src/syscalls.o
 .group         0x0000000000000000        0xc ./Src/syscalls.o
 .group         0x0000000000000000        0xc ./Src/syscalls.o
 .group         0x0000000000000000        0xc ./Src/syscalls.o
 .group         0x0000000000000000        0xc ./Src/syscalls.o
 .group         0x0000000000000000        0xc ./Src/syscalls.o
 .group         0x0000000000000000        0xc ./Src/syscalls.o
 .group         0x0000000000000000        0xc ./Src/syscalls.o
 .group         0x0000000000000000        0xc ./Src/syscalls.o
 .group         0x0000000000000000        0xc ./Src/syscalls.o
 .group         0x0000000000000000        0xc ./Src/syscalls.o
 .group         0x0000000000000000        0xc ./Src/syscalls.o
 .group         0x0000000000000000        0xc ./Src/syscalls.o
 .group         0x0000000000000000        0xc ./Src/syscalls.o
 .group         0x0000000000000000        0xc ./Src/syscalls.o
 .group         0x0000000000000000        0xc ./Src/syscalls.o
 .group         0x0000000000000000        0xc ./Src/syscalls.o
 .group         0x0000000000000000        0xc ./Src/syscalls.o
 .group         0x0000000000000000        0xc ./Src/syscalls.o
 .group         0x0000000000000000        0xc ./Src/syscalls.o
 .group         0x0000000000000000        0xc ./Src/syscalls.o
 .group         0x0000000000000000        0xc ./Src/syscalls.o
 .group         0x0000000000000000        0xc ./Src/syscalls.o
 .group         0x0000000000000000        0xc ./Src/syscalls.o
 .group         0x0000000000000000        0xc ./Src/syscalls.o
 .group         0x0000000000000000        0xc ./Src/syscalls.o
 .group         0x0000000000000000        0xc ./Src/syscalls.o
 .group         0x0000000000000000        0xc ./Src/syscalls.o
 .group         0x0000000000000000        0xc ./Src/syscalls.o
 .group         0x0000000000000000        0xc ./Src/syscalls.o
 .group         0x0000000000000000        0xc ./Src/syscalls.o
 .group         0x0000000000000000        0xc ./Src/syscalls.o
 .group         0x0000000000000000        0xc ./Src/syscalls.o
 .group         0x0000000000000000        0xc ./Src/syscalls.o
 .group         0x0000000000000000        0xc ./Src/syscalls.o
 .group         0x0000000000000000        0xc ./Src/syscalls.o
 .group         0x0000000000000000        0xc ./Src/syscalls.o
 .group         0x0000000000000000        0xc ./Src/syscalls.o
 .group         0x0000000000000000        0xc ./Src/syscalls.o
 .group         0x0000000000000000        0xc ./Src/syscalls.o
 .text          0x0000000000000000        0x0 ./Src/syscalls.o
 .data          0x0000000000000000        0x0 ./Src/syscalls.o
 .bss           0x0000000000000000        0x0 ./Src/syscalls.o
 .bss.__env     0x0000000000000000        0x4 ./Src/syscalls.o
 .data.environ  0x0000000000000000        0x4 ./Src/syscalls.o
 .text.initialise_monitor_handles
                0x0000000000000000        0xe ./Src/syscalls.o
 .text._getpid  0x0000000000000000       0x10 ./Src/syscalls.o
 .text._kill    0x0000000000000000       0x20 ./Src/syscalls.o
 .text._exit    0x0000000000000000       0x14 ./Src/syscalls.o
 .text._read    0x0000000000000000       0x3a ./Src/syscalls.o
 .text._write   0x0000000000000000       0x38 ./Src/syscalls.o
 .text._close   0x0000000000000000       0x18 ./Src/syscalls.o
 .text._fstat   0x0000000000000000       0x20 ./Src/syscalls.o
 .text._isatty  0x0000000000000000       0x16 ./Src/syscalls.o
 .text._lseek   0x0000000000000000       0x1a ./Src/syscalls.o
 .text._open    0x0000000000000000       0x1c ./Src/syscalls.o
 .text._wait    0x0000000000000000       0x1e ./Src/syscalls.o
 .text._unlink  0x0000000000000000       0x1e ./Src/syscalls.o
 .text._times   0x0000000000000000       0x18 ./Src/syscalls.o
 .text._stat    0x0000000000000000       0x20 ./Src/syscalls.o
 .text._link    0x0000000000000000       0x20 ./Src/syscalls.o
 .text._fork    0x0000000000000000       0x16 ./Src/syscalls.o
 .text._execve  0x0000000000000000       0x22 ./Src/syscalls.o
 .debug_info    0x0000000000000000      0xfa8 ./Src/syscalls.o
 .debug_abbrev  0x0000000000000000      0x286 ./Src/syscalls.o
 .debug_aranges
                0x0000000000000000       0xa8 ./Src/syscalls.o
 .debug_ranges  0x0000000000000000       0x98 ./Src/syscalls.o
 .debug_macro   0x0000000000000000      0x24c ./Src/syscalls.o
 .debug_macro   0x0000000000000000      0xab4 ./Src/syscalls.o
 .debug_macro   0x0000000000000000       0x22 ./Src/syscalls.o
 .debug_macro   0x0000000000000000       0x4c ./Src/syscalls.o
 .debug_macro   0x0000000000000000       0x18 ./Src/syscalls.o
 .debug_macro   0x0000000000000000       0x94 ./Src/syscalls.o
 .debug_macro   0x0000000000000000       0x3c ./Src/syscalls.o
 .debug_macro   0x0000000000000000       0x34 ./Src/syscalls.o
 .debug_macro   0x0000000000000000       0x57 ./Src/syscalls.o
 .debug_macro   0x0000000000000000      0x174 ./Src/syscalls.o
 .debug_macro   0x0000000000000000      0x339 ./Src/syscalls.o
 .debug_macro   0x0000000000000000       0x16 ./Src/syscalls.o
 .debug_macro   0x0000000000000000       0x43 ./Src/syscalls.o
 .debug_macro   0x0000000000000000       0x34 ./Src/syscalls.o
 .debug_macro   0x0000000000000000       0x10 ./Src/syscalls.o
 .debug_macro   0x0000000000000000       0x58 ./Src/syscalls.o
 .debug_macro   0x0000000000000000       0x71 ./Src/syscalls.o
 .debug_macro   0x0000000000000000       0x1c ./Src/syscalls.o
 .debug_macro   0x0000000000000000      0x12a ./Src/syscalls.o
 .debug_macro   0x0000000000000000       0x10 ./Src/syscalls.o
 .debug_macro   0x0000000000000000       0x35 ./Src/syscalls.o
 .debug_macro   0x0000000000000000       0x10 ./Src/syscalls.o
 .debug_macro   0x0000000000000000       0x10 ./Src/syscalls.o
 .debug_macro   0x0000000000000000       0x10 ./Src/syscalls.o
 .debug_macro   0x0000000000000000       0x6a ./Src/syscalls.o
 .debug_macro   0x0000000000000000       0x1c ./Src/syscalls.o
 .debug_macro   0x0000000000000000       0x52 ./Src/syscalls.o
 .debug_macro   0x0000000000000000       0x22 ./Src/syscalls.o
 .debug_macro   0x0000000000000000       0x10 ./Src/syscalls.o
 .debug_macro   0x0000000000000000       0x40 ./Src/syscalls.o
 .debug_macro   0x0000000000000000       0xd5 ./Src/syscalls.o
 .debug_macro   0x0000000000000000       0x1c ./Src/syscalls.o
 .debug_macro   0x0000000000000000       0x3d ./Src/syscalls.o
 .debug_macro   0x0000000000000000       0x35 ./Src/syscalls.o
 .debug_macro   0x0000000000000000      0x12c ./Src/syscalls.o
 .debug_macro   0x0000000000000000       0x16 ./Src/syscalls.o
 .debug_macro   0x0000000000000000       0x16 ./Src/syscalls.o
 .debug_macro   0x0000000000000000       0x29 ./Src/syscalls.o
 .debug_macro   0x0000000000000000       0x10 ./Src/syscalls.o
 .debug_macro   0x0000000000000000      0x241 ./Src/syscalls.o
 .debug_macro   0x0000000000000000       0x1c ./Src/syscalls.o
 .debug_macro   0x0000000000000000       0x10 ./Src/syscalls.o
 .debug_macro   0x0000000000000000       0x10 ./Src/syscalls.o
 .debug_macro   0x0000000000000000       0x16 ./Src/syscalls.o
 .debug_macro   0x0000000000000000      0x145 ./Src/syscalls.o
 .debug_macro   0x0000000000000000      0x189 ./Src/syscalls.o
 .debug_macro   0x0000000000000000       0x16 ./Src/syscalls.o
 .debug_macro   0x0000000000000000       0xce ./Src/syscalls.o
 .debug_line    0x0000000000000000      0x949 ./Src/syscalls.o
 .debug_str     0x0000000000000000     0x8ece ./Src/syscalls.o
 .comment       0x0000000000000000       0x54 ./Src/syscalls.o
 .debug_frame   0x0000000000000000      0x2ac ./Src/syscalls.o
 .ARM.attributes
                0x0000000000000000       0x34 ./Src/syscalls.o
 .group         0x0000000000000000        0xc ./Src/sysmem.o
 .group         0x0000000000000000        0xc ./Src/sysmem.o
 .group         0x0000000000000000        0xc ./Src/sysmem.o
 .group         0x0000000000000000        0xc ./Src/sysmem.o
 .group         0x0000000000000000        0xc ./Src/sysmem.o
 .group         0x0000000000000000        0xc ./Src/sysmem.o
 .group         0x0000000000000000        0xc ./Src/sysmem.o
 .group         0x0000000000000000        0xc ./Src/sysmem.o
 .group         0x0000000000000000        0xc ./Src/sysmem.o
 .group         0x0000000000000000        0xc ./Src/sysmem.o
 .group         0x0000000000000000        0xc ./Src/sysmem.o
 .group         0x0000000000000000        0xc ./Src/sysmem.o
 .group         0x0000000000000000        0xc ./Src/sysmem.o
 .group         0x0000000000000000        0xc ./Src/sysmem.o
 .group         0x0000000000000000        0xc ./Src/sysmem.o
 .group         0x0000000000000000        0xc ./Src/sysmem.o
 .group         0x0000000000000000        0xc ./Src/sysmem.o
 .group         0x0000000000000000        0xc ./Src/sysmem.o
 .group         0x0000000000000000        0xc ./Src/sysmem.o
 .group         0x0000000000000000        0xc ./Src/sysmem.o
 .group         0x0000000000000000        0xc ./Src/sysmem.o
 .group         0x0000000000000000        0xc ./Src/sysmem.o
 .text          0x0000000000000000        0x0 ./Src/sysmem.o
 .data          0x0000000000000000        0x0 ./Src/sysmem.o
 .bss           0x0000000000000000        0x0 ./Src/sysmem.o
 .bss.__sbrk_heap_end
                0x0000000000000000        0x4 ./Src/sysmem.o
 .text._sbrk    0x0000000000000000       0x6c ./Src/sysmem.o
 .debug_info    0x0000000000000000      0xa25 ./Src/sysmem.o
 .debug_abbrev  0x0000000000000000      0x1bf ./Src/sysmem.o
 .debug_aranges
                0x0000000000000000       0x20 ./Src/sysmem.o
 .debug_ranges  0x0000000000000000       0x10 ./Src/sysmem.o
 .debug_macro   0x0000000000000000       0xff ./Src/sysmem.o
 .debug_macro   0x0000000000000000      0xab4 ./Src/sysmem.o
 .debug_macro   0x0000000000000000       0x10 ./Src/sysmem.o
 .debug_macro   0x0000000000000000       0x22 ./Src/sysmem.o
 .debug_macro   0x0000000000000000       0x4c ./Src/sysmem.o
 .debug_macro   0x0000000000000000       0x18 ./Src/sysmem.o
 .debug_macro   0x0000000000000000       0x94 ./Src/sysmem.o
 .debug_macro   0x0000000000000000       0x3c ./Src/sysmem.o
 .debug_macro   0x0000000000000000       0x34 ./Src/sysmem.o
 .debug_macro   0x0000000000000000      0x174 ./Src/sysmem.o
 .debug_macro   0x0000000000000000       0x16 ./Src/sysmem.o
 .debug_macro   0x0000000000000000       0x43 ./Src/sysmem.o
 .debug_macro   0x0000000000000000       0x57 ./Src/sysmem.o
 .debug_macro   0x0000000000000000       0x34 ./Src/sysmem.o
 .debug_macro   0x0000000000000000       0x10 ./Src/sysmem.o
 .debug_macro   0x0000000000000000       0x58 ./Src/sysmem.o
 .debug_macro   0x0000000000000000       0x71 ./Src/sysmem.o
 .debug_macro   0x0000000000000000       0x1c ./Src/sysmem.o
 .debug_macro   0x0000000000000000      0x12a ./Src/sysmem.o
 .debug_macro   0x0000000000000000      0x23b ./Src/sysmem.o
 .debug_macro   0x0000000000000000      0x103 ./Src/sysmem.o
 .debug_macro   0x0000000000000000       0x6a ./Src/sysmem.o
 .debug_macro   0x0000000000000000      0x1df ./Src/sysmem.o
 .debug_line    0x0000000000000000      0x63f ./Src/sysmem.o
 .debug_str     0x0000000000000000     0x62a1 ./Src/sysmem.o
 .comment       0x0000000000000000       0x54 ./Src/sysmem.o
 .debug_frame   0x0000000000000000       0x34 ./Src/sysmem.o
 .ARM.attributes
                0x0000000000000000       0x34 ./Src/sysmem.o
 .text          0x0000000000000000       0x14 ./Startup/startup_stm32f407vgtx.o
 .data          0x0000000000000000        0x0 ./Startup/startup_stm32f407vgtx.o
 .bss           0x0000000000000000        0x0 ./Startup/startup_stm32f407vgtx.o
 .group         0x0000000000000000        0xc ./myDrivers/Src/EXTI.o
 .group         0x0000000000000000        0xc ./myDrivers/Src/EXTI.o
 .group         0x0000000000000000        0xc ./myDrivers/Src/EXTI.o
 .group         0x0000000000000000        0xc ./myDrivers/Src/EXTI.o
 .group         0x0000000000000000        0xc ./myDrivers/Src/EXTI.o
 .group         0x0000000000000000        0xc ./myDrivers/Src/EXTI.o
 .group         0x0000000000000000        0xc ./myDrivers/Src/EXTI.o
 .group         0x0000000000000000        0xc ./myDrivers/Src/EXTI.o
 .group         0x0000000000000000        0xc ./myDrivers/Src/EXTI.o
 .group         0x0000000000000000        0xc ./myDrivers/Src/EXTI.o
 .group         0x0000000000000000        0xc ./myDrivers/Src/EXTI.o
 .group         0x0000000000000000        0xc ./myDrivers/Src/EXTI.o
 .group         0x0000000000000000        0xc ./myDrivers/Src/EXTI.o
 .group         0x0000000000000000        0xc ./myDrivers/Src/EXTI.o
 .group         0x0000000000000000        0xc ./myDrivers/Src/EXTI.o
 .group         0x0000000000000000        0xc ./myDrivers/Src/EXTI.o
 .group         0x0000000000000000        0xc ./myDrivers/Src/EXTI.o
 .group         0x0000000000000000        0xc ./myDrivers/Src/EXTI.o
 .group         0x0000000000000000        0xc ./myDrivers/Src/EXTI.o
 .group         0x0000000000000000        0xc ./myDrivers/Src/EXTI.o
 .group         0x0000000000000000        0xc ./myDrivers/Src/EXTI.o
 .group         0x0000000000000000        0xc ./myDrivers/Src/EXTI.o
 .group         0x0000000000000000        0xc ./myDrivers/Src/EXTI.o
 .group         0x0000000000000000        0xc ./myDrivers/Src/EXTI.o
 .group         0x0000000000000000        0xc ./myDrivers/Src/EXTI.o
 .group         0x0000000000000000        0xc ./myDrivers/Src/EXTI.o
 .group         0x0000000000000000        0xc ./myDrivers/Src/EXTI.o
 .group         0x0000000000000000        0xc ./myDrivers/Src/EXTI.o
 .group         0x0000000000000000        0xc ./myDrivers/Src/EXTI.o
 .text          0x0000000000000000        0x0 ./myDrivers/Src/EXTI.o
 .data          0x0000000000000000        0x0 ./myDrivers/Src/EXTI.o
 .bss           0x0000000000000000        0x0 ./myDrivers/Src/EXTI.o
 .debug_macro   0x0000000000000000      0xab4 ./myDrivers/Src/EXTI.o
 .debug_macro   0x0000000000000000       0x22 ./myDrivers/Src/EXTI.o
 .debug_macro   0x0000000000000000       0x8e ./myDrivers/Src/EXTI.o
 .debug_macro   0x0000000000000000       0x51 ./myDrivers/Src/EXTI.o
 .debug_macro   0x0000000000000000      0x103 ./myDrivers/Src/EXTI.o
 .debug_macro   0x0000000000000000       0x6a ./myDrivers/Src/EXTI.o
 .debug_macro   0x0000000000000000      0x1df ./myDrivers/Src/EXTI.o
 .debug_macro   0x0000000000000000       0x52 ./myDrivers/Src/EXTI.o
 .debug_macro   0x0000000000000000       0x18 ./myDrivers/Src/EXTI.o
 .debug_macro   0x0000000000000000       0x3c ./myDrivers/Src/EXTI.o
 .debug_macro   0x0000000000000000       0x34 ./myDrivers/Src/EXTI.o
 .debug_macro   0x0000000000000000      0x174 ./myDrivers/Src/EXTI.o
 .debug_macro   0x0000000000000000       0x16 ./myDrivers/Src/EXTI.o
 .debug_macro   0x0000000000000000       0x43 ./myDrivers/Src/EXTI.o
 .debug_macro   0x0000000000000000       0x34 ./myDrivers/Src/EXTI.o
 .debug_macro   0x0000000000000000       0x10 ./myDrivers/Src/EXTI.o
 .debug_macro   0x0000000000000000       0x58 ./myDrivers/Src/EXTI.o
 .debug_macro   0x0000000000000000       0x71 ./myDrivers/Src/EXTI.o
 .debug_macro   0x0000000000000000       0x1c ./myDrivers/Src/EXTI.o
 .debug_macro   0x0000000000000000      0x12a ./myDrivers/Src/EXTI.o
 .debug_macro   0x0000000000000000      0x339 ./myDrivers/Src/EXTI.o
 .debug_macro   0x0000000000000000       0x10 ./myDrivers/Src/EXTI.o
 .debug_macro   0x0000000000000000       0x35 ./myDrivers/Src/EXTI.o
 .debug_macro   0x0000000000000000       0x20 ./myDrivers/Src/EXTI.o
 .debug_macro   0x0000000000000000      0x230 ./myDrivers/Src/EXTI.o
 .debug_macro   0x0000000000000000       0x70 ./myDrivers/Src/EXTI.o
 .debug_macro   0x0000000000000000      0x11e ./myDrivers/Src/EXTI.o
 .debug_macro   0x0000000000000000       0x9a ./myDrivers/Src/EXTI.o
 .group         0x0000000000000000        0xc ./myDrivers/Src/GPIO.o
 .group         0x0000000000000000        0xc ./myDrivers/Src/GPIO.o
 .group         0x0000000000000000        0xc ./myDrivers/Src/GPIO.o
 .group         0x0000000000000000        0xc ./myDrivers/Src/GPIO.o
 .group         0x0000000000000000        0xc ./myDrivers/Src/GPIO.o
 .group         0x0000000000000000        0xc ./myDrivers/Src/GPIO.o
 .group         0x0000000000000000        0xc ./myDrivers/Src/GPIO.o
 .group         0x0000000000000000        0xc ./myDrivers/Src/GPIO.o
 .group         0x0000000000000000        0xc ./myDrivers/Src/GPIO.o
 .group         0x0000000000000000        0xc ./myDrivers/Src/GPIO.o
 .group         0x0000000000000000        0xc ./myDrivers/Src/GPIO.o
 .group         0x0000000000000000        0xc ./myDrivers/Src/GPIO.o
 .group         0x0000000000000000        0xc ./myDrivers/Src/GPIO.o
 .group         0x0000000000000000        0xc ./myDrivers/Src/GPIO.o
 .group         0x0000000000000000        0xc ./myDrivers/Src/GPIO.o
 .group         0x0000000000000000        0xc ./myDrivers/Src/GPIO.o
 .group         0x0000000000000000        0xc ./myDrivers/Src/GPIO.o
 .group         0x0000000000000000        0xc ./myDrivers/Src/GPIO.o
 .group         0x0000000000000000        0xc ./myDrivers/Src/GPIO.o
 .group         0x0000000000000000        0xc ./myDrivers/Src/GPIO.o
 .group         0x0000000000000000        0xc ./myDrivers/Src/GPIO.o
 .group         0x0000000000000000        0xc ./myDrivers/Src/GPIO.o
 .group         0x0000000000000000        0xc ./myDrivers/Src/GPIO.o
 .group         0x0000000000000000        0xc ./myDrivers/Src/GPIO.o
 .group         0x0000000000000000        0xc ./myDrivers/Src/GPIO.o
 .group         0x0000000000000000        0xc ./myDrivers/Src/GPIO.o
 .group         0x0000000000000000        0xc ./myDrivers/Src/GPIO.o
 .group         0x0000000000000000        0xc ./myDrivers/Src/GPIO.o
 .group         0x0000000000000000        0xc ./myDrivers/Src/GPIO.o
 .text          0x0000000000000000        0x0 ./myDrivers/Src/GPIO.o
 .data          0x0000000000000000        0x0 ./myDrivers/Src/GPIO.o
 .bss           0x0000000000000000        0x0 ./myDrivers/Src/GPIO.o
 .text.GPIO_WritePin
                0x0000000000000000       0x34 ./myDrivers/Src/GPIO.o
 .text.GPIO_ReadPin
                0x0000000000000000       0x2e ./myDrivers/Src/GPIO.o
 .text.GPIO_LockPin
                0x0000000000000000       0x38 ./myDrivers/Src/GPIO.o
 .debug_macro   0x0000000000000000      0xab4 ./myDrivers/Src/GPIO.o
 .debug_macro   0x0000000000000000       0x22 ./myDrivers/Src/GPIO.o
 .debug_macro   0x0000000000000000       0x8e ./myDrivers/Src/GPIO.o
 .debug_macro   0x0000000000000000       0x51 ./myDrivers/Src/GPIO.o
 .debug_macro   0x0000000000000000      0x103 ./myDrivers/Src/GPIO.o
 .debug_macro   0x0000000000000000       0x6a ./myDrivers/Src/GPIO.o
 .debug_macro   0x0000000000000000      0x1df ./myDrivers/Src/GPIO.o
 .debug_macro   0x0000000000000000       0x52 ./myDrivers/Src/GPIO.o
 .debug_macro   0x0000000000000000       0x18 ./myDrivers/Src/GPIO.o
 .debug_macro   0x0000000000000000       0x3c ./myDrivers/Src/GPIO.o
 .debug_macro   0x0000000000000000       0x34 ./myDrivers/Src/GPIO.o
 .debug_macro   0x0000000000000000      0x174 ./myDrivers/Src/GPIO.o
 .debug_macro   0x0000000000000000       0x16 ./myDrivers/Src/GPIO.o
 .debug_macro   0x0000000000000000       0x43 ./myDrivers/Src/GPIO.o
 .debug_macro   0x0000000000000000       0x34 ./myDrivers/Src/GPIO.o
 .debug_macro   0x0000000000000000       0x10 ./myDrivers/Src/GPIO.o
 .debug_macro   0x0000000000000000       0x58 ./myDrivers/Src/GPIO.o
 .debug_macro   0x0000000000000000       0x71 ./myDrivers/Src/GPIO.o
 .debug_macro   0x0000000000000000       0x1c ./myDrivers/Src/GPIO.o
 .debug_macro   0x0000000000000000      0x12a ./myDrivers/Src/GPIO.o
 .debug_macro   0x0000000000000000      0x339 ./myDrivers/Src/GPIO.o
 .debug_macro   0x0000000000000000       0x10 ./myDrivers/Src/GPIO.o
 .debug_macro   0x0000000000000000       0x35 ./myDrivers/Src/GPIO.o
 .debug_macro   0x0000000000000000       0x20 ./myDrivers/Src/GPIO.o
 .debug_macro   0x0000000000000000      0x230 ./myDrivers/Src/GPIO.o
 .debug_macro   0x0000000000000000       0x70 ./myDrivers/Src/GPIO.o
 .debug_macro   0x0000000000000000       0xb8 ./myDrivers/Src/GPIO.o
 .debug_macro   0x0000000000000000       0x9a ./myDrivers/Src/GPIO.o
 .group         0x0000000000000000        0xc ./myDrivers/Src/RCC.o
 .group         0x0000000000000000        0xc ./myDrivers/Src/RCC.o
 .group         0x0000000000000000        0xc ./myDrivers/Src/RCC.o
 .group         0x0000000000000000        0xc ./myDrivers/Src/RCC.o
 .group         0x0000000000000000        0xc ./myDrivers/Src/RCC.o
 .group         0x0000000000000000        0xc ./myDrivers/Src/RCC.o
 .group         0x0000000000000000        0xc ./myDrivers/Src/RCC.o
 .group         0x0000000000000000        0xc ./myDrivers/Src/RCC.o
 .group         0x0000000000000000        0xc ./myDrivers/Src/RCC.o
 .group         0x0000000000000000        0xc ./myDrivers/Src/RCC.o
 .group         0x0000000000000000        0xc ./myDrivers/Src/RCC.o
 .group         0x0000000000000000        0xc ./myDrivers/Src/RCC.o
 .group         0x0000000000000000        0xc ./myDrivers/Src/RCC.o
 .group         0x0000000000000000        0xc ./myDrivers/Src/RCC.o
 .group         0x0000000000000000        0xc ./myDrivers/Src/RCC.o
 .group         0x0000000000000000        0xc ./myDrivers/Src/RCC.o
 .group         0x0000000000000000        0xc ./myDrivers/Src/RCC.o
 .group         0x0000000000000000        0xc ./myDrivers/Src/RCC.o
 .group         0x0000000000000000        0xc ./myDrivers/Src/RCC.o
 .group         0x0000000000000000        0xc ./myDrivers/Src/RCC.o
 .group         0x0000000000000000        0xc ./myDrivers/Src/RCC.o
 .group         0x0000000000000000        0xc ./myDrivers/Src/RCC.o
 .group         0x0000000000000000        0xc ./myDrivers/Src/RCC.o
 .group         0x0000000000000000        0xc ./myDrivers/Src/RCC.o
 .group         0x0000000000000000        0xc ./myDrivers/Src/RCC.o
 .group         0x0000000000000000        0xc ./myDrivers/Src/RCC.o
 .group         0x0000000000000000        0xc ./myDrivers/Src/RCC.o
 .group         0x0000000000000000        0xc ./myDrivers/Src/RCC.o
 .group         0x0000000000000000        0xc ./myDrivers/Src/RCC.o
 .text          0x0000000000000000        0x0 ./myDrivers/Src/RCC.o
 .data          0x0000000000000000        0x0 ./myDrivers/Src/RCC.o
 .bss           0x0000000000000000        0x0 ./myDrivers/Src/RCC.o
 .debug_info    0x0000000000000000      0x911 ./myDrivers/Src/RCC.o
 .debug_abbrev  0x0000000000000000      0x163 ./myDrivers/Src/RCC.o
 .debug_aranges
                0x0000000000000000       0x18 ./myDrivers/Src/RCC.o
 .debug_macro   0x0000000000000000      0x185 ./myDrivers/Src/RCC.o
 .debug_macro   0x0000000000000000      0xab4 ./myDrivers/Src/RCC.o
 .debug_macro   0x0000000000000000       0x22 ./myDrivers/Src/RCC.o
 .debug_macro   0x0000000000000000       0x8e ./myDrivers/Src/RCC.o
 .debug_macro   0x0000000000000000       0x51 ./myDrivers/Src/RCC.o
 .debug_macro   0x0000000000000000      0x103 ./myDrivers/Src/RCC.o
 .debug_macro   0x0000000000000000       0x6a ./myDrivers/Src/RCC.o
 .debug_macro   0x0000000000000000      0x1df ./myDrivers/Src/RCC.o
 .debug_macro   0x0000000000000000       0x52 ./myDrivers/Src/RCC.o
 .debug_macro   0x0000000000000000       0x18 ./myDrivers/Src/RCC.o
 .debug_macro   0x0000000000000000       0x3c ./myDrivers/Src/RCC.o
 .debug_macro   0x0000000000000000       0x34 ./myDrivers/Src/RCC.o
 .debug_macro   0x0000000000000000      0x174 ./myDrivers/Src/RCC.o
 .debug_macro   0x0000000000000000       0x16 ./myDrivers/Src/RCC.o
 .debug_macro   0x0000000000000000       0x43 ./myDrivers/Src/RCC.o
 .debug_macro   0x0000000000000000       0x34 ./myDrivers/Src/RCC.o
 .debug_macro   0x0000000000000000       0x10 ./myDrivers/Src/RCC.o
 .debug_macro   0x0000000000000000       0x58 ./myDrivers/Src/RCC.o
 .debug_macro   0x0000000000000000       0x71 ./myDrivers/Src/RCC.o
 .debug_macro   0x0000000000000000       0x1c ./myDrivers/Src/RCC.o
 .debug_macro   0x0000000000000000      0x12a ./myDrivers/Src/RCC.o
 .debug_macro   0x0000000000000000      0x339 ./myDrivers/Src/RCC.o
 .debug_macro   0x0000000000000000       0x10 ./myDrivers/Src/RCC.o
 .debug_macro   0x0000000000000000       0x35 ./myDrivers/Src/RCC.o
 .debug_macro   0x0000000000000000       0x20 ./myDrivers/Src/RCC.o
 .debug_macro   0x0000000000000000      0x230 ./myDrivers/Src/RCC.o
 .debug_macro   0x0000000000000000      0x118 ./myDrivers/Src/RCC.o
 .debug_macro   0x0000000000000000       0xb8 ./myDrivers/Src/RCC.o
 .debug_macro   0x0000000000000000       0x9a ./myDrivers/Src/RCC.o
 .debug_macro   0x0000000000000000       0x70 ./myDrivers/Src/RCC.o
 .debug_line    0x0000000000000000      0x698 ./myDrivers/Src/RCC.o
 .debug_str     0x0000000000000000     0x92bf ./myDrivers/Src/RCC.o
 .comment       0x0000000000000000       0x54 ./myDrivers/Src/RCC.o
 .ARM.attributes
                0x0000000000000000       0x39 ./myDrivers/Src/RCC.o
 .group         0x0000000000000000        0xc ./myDrivers/Src/SPI.o
 .group         0x0000000000000000        0xc ./myDrivers/Src/SPI.o
 .group         0x0000000000000000        0xc ./myDrivers/Src/SPI.o
 .group         0x0000000000000000        0xc ./myDrivers/Src/SPI.o
 .group         0x0000000000000000        0xc ./myDrivers/Src/SPI.o
 .group         0x0000000000000000        0xc ./myDrivers/Src/SPI.o
 .group         0x0000000000000000        0xc ./myDrivers/Src/SPI.o
 .group         0x0000000000000000        0xc ./myDrivers/Src/SPI.o
 .group         0x0000000000000000        0xc ./myDrivers/Src/SPI.o
 .group         0x0000000000000000        0xc ./myDrivers/Src/SPI.o
 .group         0x0000000000000000        0xc ./myDrivers/Src/SPI.o
 .group         0x0000000000000000        0xc ./myDrivers/Src/SPI.o
 .group         0x0000000000000000        0xc ./myDrivers/Src/SPI.o
 .group         0x0000000000000000        0xc ./myDrivers/Src/SPI.o
 .group         0x0000000000000000        0xc ./myDrivers/Src/SPI.o
 .group         0x0000000000000000        0xc ./myDrivers/Src/SPI.o
 .group         0x0000000000000000        0xc ./myDrivers/Src/SPI.o
 .group         0x0000000000000000        0xc ./myDrivers/Src/SPI.o
 .group         0x0000000000000000        0xc ./myDrivers/Src/SPI.o
 .group         0x0000000000000000        0xc ./myDrivers/Src/SPI.o
 .group         0x0000000000000000        0xc ./myDrivers/Src/SPI.o
 .group         0x0000000000000000        0xc ./myDrivers/Src/SPI.o
 .group         0x0000000000000000        0xc ./myDrivers/Src/SPI.o
 .group         0x0000000000000000        0xc ./myDrivers/Src/SPI.o
 .group         0x0000000000000000        0xc ./myDrivers/Src/SPI.o
 .group         0x0000000000000000        0xc ./myDrivers/Src/SPI.o
 .group         0x0000000000000000        0xc ./myDrivers/Src/SPI.o
 .group         0x0000000000000000        0xc ./myDrivers/Src/SPI.o
 .group         0x0000000000000000        0xc ./myDrivers/Src/SPI.o
 .text          0x0000000000000000        0x0 ./myDrivers/Src/SPI.o
 .data          0x0000000000000000        0x0 ./myDrivers/Src/SPI.o
 .bss           0x0000000000000000        0x0 ./myDrivers/Src/SPI.o
 .text.SPI_CloseISR_Tx
                0x0000000000000000       0x38 ./myDrivers/Src/SPI.o
 .text.SPI_TransmitHelper_16Bits
                0x0000000000000000       0x40 ./myDrivers/Src/SPI.o
 .text.SPI_TransmitHelper_8Bits
                0x0000000000000000       0x40 ./myDrivers/Src/SPI.o
 .text.SPI_CloseISR_Rx
                0x0000000000000000       0x38 ./myDrivers/Src/SPI.o
 .text.SPI_ReceiveHelper_8Bits
                0x0000000000000000       0x46 ./myDrivers/Src/SPI.o
 .text.SPI_ReceiveHelper_16Bits
                0x0000000000000000       0x42 ./myDrivers/Src/SPI.o
 .text.SPI_Init
                0x0000000000000000       0x58 ./myDrivers/Src/SPI.o
 .text.SPI_PeriphCmd
                0x0000000000000000       0x40 ./myDrivers/Src/SPI.o
 .text.SPI_TransmitData
                0x0000000000000000       0x8a ./myDrivers/Src/SPI.o
 .text.SPI_ReceiveData
                0x0000000000000000       0x7e ./myDrivers/Src/SPI.o
 .text.SPI_GetFlagStatus
                0x0000000000000000       0x2c ./myDrivers/Src/SPI.o
 .text.SPI_TransmitData_IT
                0x0000000000000000       0x70 ./myDrivers/Src/SPI.o
 .text.SPI_ReceivetData_IT
                0x0000000000000000       0x70 ./myDrivers/Src/SPI.o
 .text.SPI_InterruptHandler
                0x0000000000000000       0x78 ./myDrivers/Src/SPI.o
 .debug_info    0x0000000000000000      0xea2 ./myDrivers/Src/SPI.o
 .debug_abbrev  0x0000000000000000      0x24e ./myDrivers/Src/SPI.o
 .debug_aranges
                0x0000000000000000       0x88 ./myDrivers/Src/SPI.o
 .debug_ranges  0x0000000000000000       0x78 ./myDrivers/Src/SPI.o
 .debug_macro   0x0000000000000000      0x185 ./myDrivers/Src/SPI.o
 .debug_macro   0x0000000000000000      0xab4 ./myDrivers/Src/SPI.o
 .debug_macro   0x0000000000000000       0x22 ./myDrivers/Src/SPI.o
 .debug_macro   0x0000000000000000       0x8e ./myDrivers/Src/SPI.o
 .debug_macro   0x0000000000000000       0x51 ./myDrivers/Src/SPI.o
 .debug_macro   0x0000000000000000      0x103 ./myDrivers/Src/SPI.o
 .debug_macro   0x0000000000000000       0x6a ./myDrivers/Src/SPI.o
 .debug_macro   0x0000000000000000      0x1df ./myDrivers/Src/SPI.o
 .debug_macro   0x0000000000000000       0x52 ./myDrivers/Src/SPI.o
 .debug_macro   0x0000000000000000       0x18 ./myDrivers/Src/SPI.o
 .debug_macro   0x0000000000000000       0x3c ./myDrivers/Src/SPI.o
 .debug_macro   0x0000000000000000       0x34 ./myDrivers/Src/SPI.o
 .debug_macro   0x0000000000000000      0x174 ./myDrivers/Src/SPI.o
 .debug_macro   0x0000000000000000       0x16 ./myDrivers/Src/SPI.o
 .debug_macro   0x0000000000000000       0x43 ./myDrivers/Src/SPI.o
 .debug_macro   0x0000000000000000       0x34 ./myDrivers/Src/SPI.o
 .debug_macro   0x0000000000000000       0x10 ./myDrivers/Src/SPI.o
 .debug_macro   0x0000000000000000       0x58 ./myDrivers/Src/SPI.o
 .debug_macro   0x0000000000000000       0x71 ./myDrivers/Src/SPI.o
 .debug_macro   0x0000000000000000       0x1c ./myDrivers/Src/SPI.o
 .debug_macro   0x0000000000000000      0x12a ./myDrivers/Src/SPI.o
 .debug_macro   0x0000000000000000      0x339 ./myDrivers/Src/SPI.o
 .debug_macro   0x0000000000000000       0x10 ./myDrivers/Src/SPI.o
 .debug_macro   0x0000000000000000       0x35 ./myDrivers/Src/SPI.o
 .debug_macro   0x0000000000000000       0x20 ./myDrivers/Src/SPI.o
 .debug_macro   0x0000000000000000      0x230 ./myDrivers/Src/SPI.o
 .debug_macro   0x0000000000000000       0x70 ./myDrivers/Src/SPI.o
 .debug_macro   0x0000000000000000      0x11e ./myDrivers/Src/SPI.o
 .debug_macro   0x0000000000000000       0xb8 ./myDrivers/Src/SPI.o
 .debug_macro   0x0000000000000000       0x94 ./myDrivers/Src/SPI.o
 .debug_line    0x0000000000000000      0xa00 ./myDrivers/Src/SPI.o
 .debug_str     0x0000000000000000     0x9601 ./myDrivers/Src/SPI.o
 .comment       0x0000000000000000       0x54 ./myDrivers/Src/SPI.o
 .debug_frame   0x0000000000000000      0x224 ./myDrivers/Src/SPI.o
 .ARM.attributes
                0x0000000000000000       0x34 ./myDrivers/Src/SPI.o
 .text          0x0000000000000000        0x0 c:/program files (x86)/stm32cubeide_1.7.0/stm32cubeide/plugins/com.st.stm32cube.ide.mcu.externaltools.gnu-tools-for-stm32.9-2020-q2-update.win32_2.0.0.202105311346/tools/bin/../lib/gcc/arm-none-eabi/9.3.1/../../../../arm-none-eabi/lib/thumb/v7e-m+fp/hard\libc_nano.a(lib_a-errno.o)
 .data          0x0000000000000000        0x0 c:/program files (x86)/stm32cubeide_1.7.0/stm32cubeide/plugins/com.st.stm32cube.ide.mcu.externaltools.gnu-tools-for-stm32.9-2020-q2-update.win32_2.0.0.202105311346/tools/bin/../lib/gcc/arm-none-eabi/9.3.1/../../../../arm-none-eabi/lib/thumb/v7e-m+fp/hard\libc_nano.a(lib_a-errno.o)
 .bss           0x0000000000000000        0x0 c:/program files (x86)/stm32cubeide_1.7.0/stm32cubeide/plugins/com.st.stm32cube.ide.mcu.externaltools.gnu-tools-for-stm32.9-2020-q2-update.win32_2.0.0.202105311346/tools/bin/../lib/gcc/arm-none-eabi/9.3.1/../../../../arm-none-eabi/lib/thumb/v7e-m+fp/hard\libc_nano.a(lib_a-errno.o)
 .text.__errno  0x0000000000000000        0xc c:/program files (x86)/stm32cubeide_1.7.0/stm32cubeide/plugins/com.st.stm32cube.ide.mcu.externaltools.gnu-tools-for-stm32.9-2020-q2-update.win32_2.0.0.202105311346/tools/bin/../lib/gcc/arm-none-eabi/9.3.1/../../../../arm-none-eabi/lib/thumb/v7e-m+fp/hard\libc_nano.a(lib_a-errno.o)
 .debug_frame   0x0000000000000000       0x20 c:/program files (x86)/stm32cubeide_1.7.0/stm32cubeide/plugins/com.st.stm32cube.ide.mcu.externaltools.gnu-tools-for-stm32.9-2020-q2-update.win32_2.0.0.202105311346/tools/bin/../lib/gcc/arm-none-eabi/9.3.1/../../../../arm-none-eabi/lib/thumb/v7e-m+fp/hard\libc_nano.a(lib_a-errno.o)
 .ARM.attributes
                0x0000000000000000       0x34 c:/program files (x86)/stm32cubeide_1.7.0/stm32cubeide/plugins/com.st.stm32cube.ide.mcu.externaltools.gnu-tools-for-stm32.9-2020-q2-update.win32_2.0.0.202105311346/tools/bin/../lib/gcc/arm-none-eabi/9.3.1/../../../../arm-none-eabi/lib/thumb/v7e-m+fp/hard\libc_nano.a(lib_a-errno.o)
 .text          0x0000000000000000        0x0 c:/program files (x86)/stm32cubeide_1.7.0/stm32cubeide/plugins/com.st.stm32cube.ide.mcu.externaltools.gnu-tools-for-stm32.9-2020-q2-update.win32_2.0.0.202105311346/tools/bin/../lib/gcc/arm-none-eabi/9.3.1/../../../../arm-none-eabi/lib/thumb/v7e-m+fp/hard\libc_nano.a(lib_a-exit.o)
 .data          0x0000000000000000        0x0 c:/program files (x86)/stm32cubeide_1.7.0/stm32cubeide/plugins/com.st.stm32cube.ide.mcu.externaltools.gnu-tools-for-stm32.9-2020-q2-update.win32_2.0.0.202105311346/tools/bin/../lib/gcc/arm-none-eabi/9.3.1/../../../../arm-none-eabi/lib/thumb/v7e-m+fp/hard\libc_nano.a(lib_a-exit.o)
 .bss           0x0000000000000000        0x0 c:/program files (x86)/stm32cubeide_1.7.0/stm32cubeide/plugins/com.st.stm32cube.ide.mcu.externaltools.gnu-tools-for-stm32.9-2020-q2-update.win32_2.0.0.202105311346/tools/bin/../lib/gcc/arm-none-eabi/9.3.1/../../../../arm-none-eabi/lib/thumb/v7e-m+fp/hard\libc_nano.a(lib_a-exit.o)
 .text.exit     0x0000000000000000       0x28 c:/program files (x86)/stm32cubeide_1.7.0/stm32cubeide/plugins/com.st.stm32cube.ide.mcu.externaltools.gnu-tools-for-stm32.9-2020-q2-update.win32_2.0.0.202105311346/tools/bin/../lib/gcc/arm-none-eabi/9.3.1/../../../../arm-none-eabi/lib/thumb/v7e-m+fp/hard\libc_nano.a(lib_a-exit.o)
 .debug_frame   0x0000000000000000       0x28 c:/program files (x86)/stm32cubeide_1.7.0/stm32cubeide/plugins/com.st.stm32cube.ide.mcu.externaltools.gnu-tools-for-stm32.9-2020-q2-update.win32_2.0.0.202105311346/tools/bin/../lib/gcc/arm-none-eabi/9.3.1/../../../../arm-none-eabi/lib/thumb/v7e-m+fp/hard\libc_nano.a(lib_a-exit.o)
 .ARM.attributes
                0x0000000000000000       0x34 c:/program files (x86)/stm32cubeide_1.7.0/stm32cubeide/plugins/com.st.stm32cube.ide.mcu.externaltools.gnu-tools-for-stm32.9-2020-q2-update.win32_2.0.0.202105311346/tools/bin/../lib/gcc/arm-none-eabi/9.3.1/../../../../arm-none-eabi/lib/thumb/v7e-m+fp/hard\libc_nano.a(lib_a-exit.o)
 .text          0x0000000000000000        0x0 c:/program files (x86)/stm32cubeide_1.7.0/stm32cubeide/plugins/com.st.stm32cube.ide.mcu.externaltools.gnu-tools-for-stm32.9-2020-q2-update.win32_2.0.0.202105311346/tools/bin/../lib/gcc/arm-none-eabi/9.3.1/../../../../arm-none-eabi/lib/thumb/v7e-m+fp/hard\libc_nano.a(lib_a-impure.o)
 .data          0x0000000000000000        0x0 c:/program files (x86)/stm32cubeide_1.7.0/stm32cubeide/plugins/com.st.stm32cube.ide.mcu.externaltools.gnu-tools-for-stm32.9-2020-q2-update.win32_2.0.0.202105311346/tools/bin/../lib/gcc/arm-none-eabi/9.3.1/../../../../arm-none-eabi/lib/thumb/v7e-m+fp/hard\libc_nano.a(lib_a-impure.o)
 .bss           0x0000000000000000        0x0 c:/program files (x86)/stm32cubeide_1.7.0/stm32cubeide/plugins/com.st.stm32cube.ide.mcu.externaltools.gnu-tools-for-stm32.9-2020-q2-update.win32_2.0.0.202105311346/tools/bin/../lib/gcc/arm-none-eabi/9.3.1/../../../../arm-none-eabi/lib/thumb/v7e-m+fp/hard\libc_nano.a(lib_a-impure.o)
 .data._impure_ptr
                0x0000000000000000        0x4 c:/program files (x86)/stm32cubeide_1.7.0/stm32cubeide/plugins/com.st.stm32cube.ide.mcu.externaltools.gnu-tools-for-stm32.9-2020-q2-update.win32_2.0.0.202105311346/tools/bin/../lib/gcc/arm-none-eabi/9.3.1/../../../../arm-none-eabi/lib/thumb/v7e-m+fp/hard\libc_nano.a(lib_a-impure.o)
 .data.impure_data
                0x0000000000000000       0x60 c:/program files (x86)/stm32cubeide_1.7.0/stm32cubeide/plugins/com.st.stm32cube.ide.mcu.externaltools.gnu-tools-for-stm32.9-2020-q2-update.win32_2.0.0.202105311346/tools/bin/../lib/gcc/arm-none-eabi/9.3.1/../../../../arm-none-eabi/lib/thumb/v7e-m+fp/hard\libc_nano.a(lib_a-impure.o)
 .rodata._global_impure_ptr
                0x0000000000000000        0x4 c:/program files (x86)/stm32cubeide_1.7.0/stm32cubeide/plugins/com.st.stm32cube.ide.mcu.externaltools.gnu-tools-for-stm32.9-2020-q2-update.win32_2.0.0.202105311346/tools/bin/../lib/gcc/arm-none-eabi/9.3.1/../../../../arm-none-eabi/lib/thumb/v7e-m+fp/hard\libc_nano.a(lib_a-impure.o)
 .ARM.attributes
                0x0000000000000000       0x32 c:/program files (x86)/stm32cubeide_1.7.0/stm32cubeide/plugins/com.st.stm32cube.ide.mcu.externaltools.gnu-tools-for-stm32.9-2020-q2-update.win32_2.0.0.202105311346/tools/bin/../lib/gcc/arm-none-eabi/9.3.1/../../../../arm-none-eabi/lib/thumb/v7e-m+fp/hard\libc_nano.a(lib_a-impure.o)
 .text          0x0000000000000000        0x0 c:/program files (x86)/stm32cubeide_1.7.0/stm32cubeide/plugins/com.st.stm32cube.ide.mcu.externaltools.gnu-tools-for-stm32.9-2020-q2-update.win32_2.0.0.202105311346/tools/bin/../lib/gcc/arm-none-eabi/9.3.1/../../../../arm-none-eabi/lib/thumb/v7e-m+fp/hard\libc_nano.a(lib_a-init.o)
 .data          0x0000000000000000        0x0 c:/program files (x86)/stm32cubeide_1.7.0/stm32cubeide/plugins/com.st.stm32cube.ide.mcu.externaltools.gnu-tools-for-stm32.9-2020-q2-update.win32_2.0.0.202105311346/tools/bin/../lib/gcc/arm-none-eabi/9.3.1/../../../../arm-none-eabi/lib/thumb/v7e-m+fp/hard\libc_nano.a(lib_a-init.o)
 .bss           0x0000000000000000        0x0 c:/program files (x86)/stm32cubeide_1.7.0/stm32cubeide/plugins/com.st.stm32cube.ide.mcu.externaltools.gnu-tools-for-stm32.9-2020-q2-update.win32_2.0.0.202105311346/tools/bin/../lib/gcc/arm-none-eabi/9.3.1/../../../../arm-none-eabi/lib/thumb/v7e-m+fp/hard\libc_nano.a(lib_a-init.o)
 .text          0x0000000000000000        0x0 c:/program files (x86)/stm32cubeide_1.7.0/stm32cubeide/plugins/com.st.stm32cube.ide.mcu.externaltools.gnu-tools-for-stm32.9-2020-q2-update.win32_2.0.0.202105311346/tools/bin/../lib/gcc/arm-none-eabi/9.3.1/../../../../arm-none-eabi/lib/thumb/v7e-m+fp/hard\libc_nano.a(lib_a-memset.o)
 .data          0x0000000000000000        0x0 c:/program files (x86)/stm32cubeide_1.7.0/stm32cubeide/plugins/com.st.stm32cube.ide.mcu.externaltools.gnu-tools-for-stm32.9-2020-q2-update.win32_2.0.0.202105311346/tools/bin/../lib/gcc/arm-none-eabi/9.3.1/../../../../arm-none-eabi/lib/thumb/v7e-m+fp/hard\libc_nano.a(lib_a-memset.o)
 .bss           0x0000000000000000        0x0 c:/program files (x86)/stm32cubeide_1.7.0/stm32cubeide/plugins/com.st.stm32cube.ide.mcu.externaltools.gnu-tools-for-stm32.9-2020-q2-update.win32_2.0.0.202105311346/tools/bin/../lib/gcc/arm-none-eabi/9.3.1/../../../../arm-none-eabi/lib/thumb/v7e-m+fp/hard\libc_nano.a(lib_a-memset.o)
 .text.memset   0x0000000000000000       0x10 c:/program files (x86)/stm32cubeide_1.7.0/stm32cubeide/plugins/com.st.stm32cube.ide.mcu.externaltools.gnu-tools-for-stm32.9-2020-q2-update.win32_2.0.0.202105311346/tools/bin/../lib/gcc/arm-none-eabi/9.3.1/../../../../arm-none-eabi/lib/thumb/v7e-m+fp/hard\libc_nano.a(lib_a-memset.o)
 .debug_frame   0x0000000000000000       0x20 c:/program files (x86)/stm32cubeide_1.7.0/stm32cubeide/plugins/com.st.stm32cube.ide.mcu.externaltools.gnu-tools-for-stm32.9-2020-q2-update.win32_2.0.0.202105311346/tools/bin/../lib/gcc/arm-none-eabi/9.3.1/../../../../arm-none-eabi/lib/thumb/v7e-m+fp/hard\libc_nano.a(lib_a-memset.o)
 .ARM.attributes
                0x0000000000000000       0x34 c:/program files (x86)/stm32cubeide_1.7.0/stm32cubeide/plugins/com.st.stm32cube.ide.mcu.externaltools.gnu-tools-for-stm32.9-2020-q2-update.win32_2.0.0.202105311346/tools/bin/../lib/gcc/arm-none-eabi/9.3.1/../../../../arm-none-eabi/lib/thumb/v7e-m+fp/hard\libc_nano.a(lib_a-memset.o)
 .text          0x0000000000000000        0x0 c:/program files (x86)/stm32cubeide_1.7.0/stm32cubeide/plugins/com.st.stm32cube.ide.mcu.externaltools.gnu-tools-for-stm32.9-2020-q2-update.win32_2.0.0.202105311346/tools/bin/../lib/gcc/arm-none-eabi/9.3.1/thumb/v7e-m+fp/hard/crtend.o
 .data          0x0000000000000000        0x0 c:/program files (x86)/stm32cubeide_1.7.0/stm32cubeide/plugins/com.st.stm32cube.ide.mcu.externaltools.gnu-tools-for-stm32.9-2020-q2-update.win32_2.0.0.202105311346/tools/bin/../lib/gcc/arm-none-eabi/9.3.1/thumb/v7e-m+fp/hard/crtend.o
 .bss           0x0000000000000000        0x0 c:/program files (x86)/stm32cubeide_1.7.0/stm32cubeide/plugins/com.st.stm32cube.ide.mcu.externaltools.gnu-tools-for-stm32.9-2020-q2-update.win32_2.0.0.202105311346/tools/bin/../lib/gcc/arm-none-eabi/9.3.1/thumb/v7e-m+fp/hard/crtend.o
 .eh_frame      0x0000000000000000        0x4 c:/program files (x86)/stm32cubeide_1.7.0/stm32cubeide/plugins/com.st.stm32cube.ide.mcu.externaltools.gnu-tools-for-stm32.9-2020-q2-update.win32_2.0.0.202105311346/tools/bin/../lib/gcc/arm-none-eabi/9.3.1/thumb/v7e-m+fp/hard/crtend.o
 .ARM.attributes
                0x0000000000000000       0x32 c:/program files (x86)/stm32cubeide_1.7.0/stm32cubeide/plugins/com.st.stm32cube.ide.mcu.externaltools.gnu-tools-for-stm32.9-2020-q2-update.win32_2.0.0.202105311346/tools/bin/../lib/gcc/arm-none-eabi/9.3.1/thumb/v7e-m+fp/hard/crtend.o
 .text          0x0000000000000000        0x0 c:/program files (x86)/stm32cubeide_1.7.0/stm32cubeide/plugins/com.st.stm32cube.ide.mcu.externaltools.gnu-tools-for-stm32.9-2020-q2-update.win32_2.0.0.202105311346/tools/bin/../lib/gcc/arm-none-eabi/9.3.1/thumb/v7e-m+fp/hard/crtn.o
 .data          0x0000000000000000        0x0 c:/program files (x86)/stm32cubeide_1.7.0/stm32cubeide/plugins/com.st.stm32cube.ide.mcu.externaltools.gnu-tools-for-stm32.9-2020-q2-update.win32_2.0.0.202105311346/tools/bin/../lib/gcc/arm-none-eabi/9.3.1/thumb/v7e-m+fp/hard/crtn.o
 .bss           0x0000000000000000        0x0 c:/program files (x86)/stm32cubeide_1.7.0/stm32cubeide/plugins/com.st.stm32cube.ide.mcu.externaltools.gnu-tools-for-stm32.9-2020-q2-update.win32_2.0.0.202105311346/tools/bin/../lib/gcc/arm-none-eabi/9.3.1/thumb/v7e-m+fp/hard/crtn.o

Memory Configuration

Name             Origin             Length             Attributes
CCMRAM           0x0000000010000000 0x0000000000010000 xrw
RAM              0x0000000020000000 0x0000000000020000 xrw
FLASH            0x0000000008000000 0x0000000000100000 xr
*default*        0x0000000000000000 0xffffffffffffffff

Linker script and memory map

LOAD c:/program files (x86)/stm32cubeide_1.7.0/stm32cubeide/plugins/com.st.stm32cube.ide.mcu.externaltools.gnu-tools-for-stm32.9-2020-q2-update.win32_2.0.0.202105311346/tools/bin/../lib/gcc/arm-none-eabi/9.3.1/thumb/v7e-m+fp/hard/crti.o
LOAD c:/program files (x86)/stm32cubeide_1.7.0/stm32cubeide/plugins/com.st.stm32cube.ide.mcu.externaltools.gnu-tools-for-stm32.9-2020-q2-update.win32_2.0.0.202105311346/tools/bin/../lib/gcc/arm-none-eabi/9.3.1/thumb/v7e-m+fp/hard/crtbegin.o
LOAD c:/program files (x86)/stm32cubeide_1.7.0/stm32cubeide/plugins/com.st.stm32cube.ide.mcu.externaltools.gnu-tools-for-stm32.9-2020-q2-update.win32_2.0.0.202105311346/tools/bin/../lib/gcc/arm-none-eabi/9.3.1/../../../../arm-none-eabi/lib/thumb/v7e-m+fp/hard/crt0.o
LOAD ./Src/main.o
LOAD ./Src/syscalls.o
LOAD ./Src/sysmem.o
LOAD ./Startup/startup_stm32f407vgtx.o
LOAD ./myDrivers/Src/EXTI.o
LOAD ./myDrivers/Src/GPIO.o
LOAD ./myDrivers/Src/RCC.o
LOAD ./myDrivers/Src/SPI.o
START GROUP
LOAD c:/program files (x86)/stm32cubeide_1.7.0/stm32cubeide/plugins/com.st.stm32cube.ide.mcu.externaltools.gnu-tools-for-stm32.9-2020-q2-update.win32_2.0.0.202105311346/tools/bin/../lib/gcc/arm-none-eabi/9.3.1/../../../../arm-none-eabi/lib/thumb/v7e-m+fp/hard\libc_nano.a
LOAD c:/program files (x86)/stm32cubeide_1.7.0/stm32cubeide/plugins/com.st.stm32cube.ide.mcu.externaltools.gnu-tools-for-stm32.9-2020-q2-update.win32_2.0.0.202105311346/tools/bin/../lib/gcc/arm-none-eabi/9.3.1/../../../../arm-none-eabi/lib/thumb/v7e-m+fp/hard\libm.a
END GROUP
START GROUP
LOAD c:/program files (x86)/stm32cubeide_1.7.0/stm32cubeide/plugins/com.st.stm32cube.ide.mcu.externaltools.gnu-tools-for-stm32.9-2020-q2-update.win32_2.0.0.202105311346/tools/bin/../lib/gcc/arm-none-eabi/9.3.1/thumb/v7e-m+fp/hard\libgcc.a
LOAD c:/program files (x86)/stm32cubeide_1.7.0/stm32cubeide/plugins/com.st.stm32cube.ide.mcu.externaltools.gnu-tools-for-stm32.9-2020-q2-update.win32_2.0.0.202105311346/tools/bin/../lib/gcc/arm-none-eabi/9.3.1/../../../../arm-none-eabi/lib/thumb/v7e-m+fp/hard\libc_nano.a
END GROUP
START GROUP
LOAD c:/program files (x86)/stm32cubeide_1.7.0/stm32cubeide/plugins/com.st.stm32cube.ide.mcu.externaltools.gnu-tools-for-stm32.9-2020-q2-update.win32_2.0.0.202105311346/tools/bin/../lib/gcc/arm-none-eabi/9.3.1/thumb/v7e-m+fp/hard\libgcc.a
LOAD c:/program files (x86)/stm32cubeide_1.7.0/stm32cubeide/plugins/com.st.stm32cube.ide.mcu.externaltools.gnu-tools-for-stm32.9-2020-q2-update.win32_2.0.0.202105311346/tools/bin/../lib/gcc/arm-none-eabi/9.3.1/../../../../arm-none-eabi/lib/thumb/v7e-m+fp/hard\libc_nano.a
LOAD c:/program files (x86)/stm32cubeide_1.7.0/stm32cubeide/plugins/com.st.stm32cube.ide.mcu.externaltools.gnu-tools-for-stm32.9-2020-q2-update.win32_2.0.0.202105311346/tools/bin/../lib/gcc/arm-none-eabi/9.3.1/../../../../arm-none-eabi/lib/thumb/v7e-m+fp/hard\libnosys.a
END GROUP
START GROUP
LOAD c:/program files (x86)/stm32cubeide_1.7.0/stm32cubeide/plugins/com.st.stm32cube.ide.mcu.externaltools.gnu-tools-for-stm32.9-2020-q2-update.win32_2.0.0.202105311346/tools/bin/../lib/gcc/arm-none-eabi/9.3.1/thumb/v7e-m+fp/hard\libgcc.a
LOAD c:/program files (x86)/stm32cubeide_1.7.0/stm32cubeide/plugins/com.st.stm32cube.ide.mcu.externaltools.gnu-tools-for-stm32.9-2020-q2-update.win32_2.0.0.202105311346/tools/bin/../lib/gcc/arm-none-eabi/9.3.1/../../../../arm-none-eabi/lib/thumb/v7e-m+fp/hard\libc_nano.a
LOAD c:/program files (x86)/stm32cubeide_1.7.0/stm32cubeide/plugins/com.st.stm32cube.ide.mcu.externaltools.gnu-tools-for-stm32.9-2020-q2-update.win32_2.0.0.202105311346/tools/bin/../lib/gcc/arm-none-eabi/9.3.1/../../../../arm-none-eabi/lib/thumb/v7e-m+fp/hard\libnosys.a
END GROUP
LOAD c:/program files (x86)/stm32cubeide_1.7.0/stm32cubeide/plugins/com.st.stm32cube.ide.mcu.externaltools.gnu-tools-for-stm32.9-2020-q2-update.win32_2.0.0.202105311346/tools/bin/../lib/gcc/arm-none-eabi/9.3.1/thumb/v7e-m+fp/hard/crtend.o
LOAD c:/program files (x86)/stm32cubeide_1.7.0/stm32cubeide/plugins/com.st.stm32cube.ide.mcu.externaltools.gnu-tools-for-stm32.9-2020-q2-update.win32_2.0.0.202105311346/tools/bin/../lib/gcc/arm-none-eabi/9.3.1/thumb/v7e-m+fp/hard/crtn.o
                0x0000000020020000                _estack = (ORIGIN (RAM) + LENGTH (RAM))
                0x0000000000000200                _Min_Heap_Size = 0x200
                0x0000000000000400                _Min_Stack_Size = 0x400

.isr_vector     0x0000000008000000      0x1a8
                0x0000000008000000                . = ALIGN (0x4)
 *(.isr_vector)
 .isr_vector    0x0000000008000000      0x1a8 ./Startup/startup_stm32f407vgtx.o
                0x0000000008000000                g_pfnVectors
                0x00000000080001a8                . = ALIGN (0x4)

.text           0x00000000080001a8      0x5a8
                0x00000000080001a8                . = ALIGN (0x4)
 *(.text)
 .text          0x00000000080001a8       0x40 c:/program files (x86)/stm32cubeide_1.7.0/stm32cubeide/plugins/com.st.stm32cube.ide.mcu.externaltools.gnu-tools-for-stm32.9-2020-q2-update.win32_2.0.0.202105311346/tools/bin/../lib/gcc/arm-none-eabi/9.3.1/thumb/v7e-m+fp/hard/crtbegin.o
 *(.text*)
 .text.EXTI0_IRQHandler
                0x00000000080001e8       0x2c ./Src/main.o
                0x00000000080001e8                EXTI0_IRQHandler
 .text.main     0x0000000008000214        0xe ./Src/main.o
                0x0000000008000214                main
 *fill*         0x0000000008000222        0x2 
 .text.GPIO_Config
                0x0000000008000224       0x7c ./Src/main.o
                0x0000000008000224                GPIO_Config
 .text.EXTI_Config
                0x00000000080002a0       0x58 ./Src/main.o
                0x00000000080002a0                EXTI_Config
 .text.Reset_Handler
                0x00000000080002f8       0x50 ./Startup/startup_stm32f407vgtx.o
                0x00000000080002f8                Reset_Handler
 .text.Default_Handler
                0x0000000008000348        0x2 ./Startup/startup_stm32f407vgtx.o
                0x0000000008000348                RTC_Alarm_IRQHandler
                0x0000000008000348                HASH_RNG_IRQHandler
                0x0000000008000348                EXTI2_IRQHandler
                0x0000000008000348                TIM8_CC_IRQHandler
                0x0000000008000348                DebugMon_Handler
                0x0000000008000348                TIM1_CC_IRQHandler
                0x0000000008000348                DMA2_Stream5_IRQHandler
                0x0000000008000348                HardFault_Handler
                0x0000000008000348                DMA1_Stream5_IRQHandler
                0x0000000008000348                SysTick_Handler
                0x0000000008000348                PVD_IRQHandler
                0x0000000008000348                SDIO_IRQHandler
                0x0000000008000348                TAMP_STAMP_IRQHandler
                0x0000000008000348                PendSV_Handler
                0x0000000008000348                NMI_Handler
                0x0000000008000348                CAN2_RX1_IRQHandler
                0x0000000008000348                EXTI3_IRQHandler
                0x0000000008000348                TIM8_TRG_COM_TIM14_IRQHandler
                0x0000000008000348                TIM1_UP_TIM10_IRQHandler
                0x0000000008000348                TIM8_UP_TIM13_IRQHandler
                0x0000000008000348                I2C3_ER_IRQHandler
                0x0000000008000348                LCD_TFT_IRQHandler
                0x0000000008000348                I2C2_EV_IRQHandler
                0x0000000008000348                DMA1_Stream2_IRQHandler
                0x0000000008000348                CAN1_RX0_IRQHandler
                0x0000000008000348                FPU_IRQHandler
                0x0000000008000348                OTG_HS_WKUP_IRQHandler
                0x0000000008000348                UsageFault_Handler
                0x0000000008000348                CAN2_SCE_IRQHandler
                0x0000000008000348                DMA2_Stream2_IRQHandler
                0x0000000008000348                SPI1_IRQHandler
                0x0000000008000348                TIM6_DAC_IRQHandler
                0x0000000008000348                TIM1_BRK_TIM9_IRQHandler
                0x0000000008000348                DCMI_IRQHandler
                0x0000000008000348                CAN2_RX0_IRQHandler
                0x0000000008000348                DMA2_Stream3_IRQHandler
                0x0000000008000348                USART6_IRQHandler
                0x0000000008000348                USART3_IRQHandler
                0x0000000008000348                CRYP_IRQHandler
                0x0000000008000348                CAN1_RX1_IRQHandler
                0x0000000008000348                UART5_IRQHandler
                0x0000000008000348                DMA2_Stream0_IRQHandler
                0x0000000008000348                TIM4_IRQHandler
                0x0000000008000348                I2C1_EV_IRQHandler
                0x0000000008000348                DMA1_Stream6_IRQHandler
                0x0000000008000348                DMA1_Stream1_IRQHandler
                0x0000000008000348                UART4_IRQHandler
                0x0000000008000348                LCD_TFT_1_IRQHandler
                0x0000000008000348                TIM3_IRQHandler
                0x0000000008000348                RCC_IRQHandler
                0x0000000008000348                TIM8_BRK_TIM12_IRQHandler
                0x0000000008000348                Default_Handler
                0x0000000008000348                EXTI15_10_IRQHandler
                0x0000000008000348                ADC_IRQHandler
                0x0000000008000348                DMA1_Stream7_IRQHandler
                0x0000000008000348                TIM7_IRQHandler
                0x0000000008000348                CAN2_TX_IRQHandler
                0x0000000008000348                TIM5_IRQHandler
                0x0000000008000348                DMA2_Stream7_IRQHandler
                0x0000000008000348                I2C3_EV_IRQHandler
                0x0000000008000348                EXTI9_5_IRQHandler
                0x0000000008000348                RTC_WKUP_IRQHandler
                0x0000000008000348                ETH_WKUP_IRQHandler
                0x0000000008000348                SPI2_IRQHandler
                0x0000000008000348                OTG_HS_EP1_IN_IRQHandler
                0x0000000008000348                MemManage_Handler
                0x0000000008000348                DMA1_Stream0_IRQHandler
                0x0000000008000348                CAN1_TX_IRQHandler
                0x0000000008000348                SVC_Handler
                0x0000000008000348                EXTI4_IRQHandler
                0x0000000008000348                FSMC_IRQHandler
                0x0000000008000348                ETH_IRQHandler
                0x0000000008000348                OTG_HS_EP1_OUT_IRQHandler
                0x0000000008000348                WWDG_IRQHandler
                0x0000000008000348                TIM2_IRQHandler
                0x0000000008000348                OTG_FS_WKUP_IRQHandler
                0x0000000008000348                TIM1_TRG_COM_TIM11_IRQHandler
                0x0000000008000348                OTG_HS_IRQHandler
                0x0000000008000348                EXTI1_IRQHandler
                0x0000000008000348                USART2_IRQHandler
                0x0000000008000348                I2C2_ER_IRQHandler
                0x0000000008000348                DMA2_Stream1_IRQHandler
                0x0000000008000348                CAN1_SCE_IRQHandler
                0x0000000008000348                DMA2_Stream4_IRQHandler
                0x0000000008000348                BusFault_Handler
                0x0000000008000348                USART1_IRQHandler
                0x0000000008000348                OTG_FS_IRQHandler
                0x0000000008000348                SPI3_IRQHandler
                0x0000000008000348                DMA1_Stream4_IRQHandler
                0x0000000008000348                I2C1_ER_IRQHandler
                0x0000000008000348                DMA2_Stream6_IRQHandler
                0x0000000008000348                DMA1_Stream3_IRQHandler
 *fill*         0x000000000800034a        0x2 
 .text.EXTI_Init
                0x000000000800034c      0x124 ./myDrivers/Src/EXTI.o
                0x000000000800034c                EXTI_Init
 .text.EXTI_LineConfig
                0x0000000008000470       0x6c ./myDrivers/Src/EXTI.o
                0x0000000008000470                EXTI_LineConfig
 .text.NVIC_InterruptEnable
                0x00000000080004dc       0x68 ./myDrivers/Src/EXTI.o
                0x00000000080004dc                NVIC_InterruptEnable
 .text.GPIO_Init
                0x0000000008000544      0x178 ./myDrivers/Src/GPIO.o
                0x0000000008000544                GPIO_Init
 .text.GPIO_TogglePin
                0x00000000080006bc       0x34 ./myDrivers/Src/GPIO.o
                0x00000000080006bc                GPIO_TogglePin
 .text.__libc_init_array
                0x00000000080006f0       0x48 c:/program files (x86)/stm32cubeide_1.7.0/stm32cubeide/plugins/com.st.stm32cube.ide.mcu.externaltools.gnu-tools-for-stm32.9-2020-q2-update.win32_2.0.0.202105311346/tools/bin/../lib/gcc/arm-none-eabi/9.3.1/../../../../arm-none-eabi/lib/thumb/v7e-m+fp/hard\libc_nano.a(lib_a-init.o)
                0x00000000080006f0                __libc_init_array
 *(.glue_7)
 .glue_7        0x0000000008000738        0x0 linker stubs
 *(.glue_7t)
 .glue_7t       0x0000000008000738        0x0 linker stubs
 *(.eh_frame)
 .eh_frame      0x0000000008000738        0x0 c:/program files (x86)/stm32cubeide_1.7.0/stm32cubeide/plugins/com.st.stm32cube.ide.mcu.externaltools.gnu-tools-for-stm32.9-2020-q2-update.win32_2.0.0.202105311346/tools/bin/../lib/gcc/arm-none-eabi/9.3.1/thumb/v7e-m+fp/hard/crtbegin.o
 *(.init)
 .init          0x0000000008000738        0x4 c:/program files (x86)/stm32cubeide_1.7.0/stm32cubeide/plugins/com.st.stm32cube.ide.mcu.externaltools.gnu-tools-for-stm32.9-2020-q2-update.win32_2.0.0.202105311346/tools/bin/../lib/gcc/arm-none-eabi/9.3.1/thumb/v7e-m+fp/hard/crti.o
                0x0000000008000738                _init
 .init          0x000000000800073c        0x8 c:/program files (x86)/stm32cubeide_1.7.0/stm32cubeide/plugins/com.st.stm32cube.ide.mcu.externaltools.gnu-tools-for-stm32.9-2020-q2-update.win32_2.0.0.202105311346/tools/bin/../lib/gcc/arm-none-eabi/9.3.1/thumb/v7e-m+fp/hard/crtn.o
 *(.fini)
 .fini          0x0000000008000744        0x4 c:/program files (x86)/stm32cubeide_1.7.0/stm32cubeide/plugins/com.st.stm32cube.ide.mcu.externaltools.gnu-tools-for-stm32.9-2020-q2-update.win32_2.0.0.202105311346/tools/bin/../lib/gcc/arm-none-eabi/9.3.1/thumb/v7e-m+fp/hard/crti.o
                0x0000000008000744                _fini
 .fini          0x0000000008000748        0x8 c:/program files (x86)/stm32cubeide_1.7.0/stm32cubeide/plugins/com.st.stm32cube.ide.mcu.externaltools.gnu-tools-for-stm32.9-2020-q2-update.win32_2.0.0.202105311346/tools/bin/../lib/gcc/arm-none-eabi/9.3.1/thumb/v7e-m+fp/hard/crtn.o
                0x0000000008000750                . = ALIGN (0x4)
                0x0000000008000750                _etext = .

.vfp11_veneer   0x0000000008000750        0x0
 .vfp11_veneer  0x0000000008000750        0x0 linker stubs

.v4_bx          0x0000000008000750        0x0
 .v4_bx         0x0000000008000750        0x0 linker stubs

.iplt           0x0000000008000750        0x0
 .iplt          0x0000000008000750        0x0 c:/program files (x86)/stm32cubeide_1.7.0/stm32cubeide/plugins/com.st.stm32cube.ide.mcu.externaltools.gnu-tools-for-stm32.9-2020-q2-update.win32_2.0.0.202105311346/tools/bin/../lib/gcc/arm-none-eabi/9.3.1/thumb/v7e-m+fp/hard/crtbegin.o

.rel.dyn        0x0000000008000750        0x0
 .rel.iplt      0x0000000008000750        0x0 c:/program files (x86)/stm32cubeide_1.7.0/stm32cubeide/plugins/com.st.stm32cube.ide.mcu.externaltools.gnu-tools-for-stm32.9-2020-q2-update.win32_2.0.0.202105311346/tools/bin/../lib/gcc/arm-none-eabi/9.3.1/thumb/v7e-m+fp/hard/crtbegin.o

.rodata         0x0000000008000750        0x0
                0x0000000008000750                . = ALIGN (0x4)
 *(.rodata)
 *(.rodata*)
                0x0000000008000750                . = ALIGN (0x4)

.ARM.extab      0x0000000008000750        0x0
                0x0000000008000750                . = ALIGN (0x4)
 *(.ARM.extab* .gnu.linkonce.armextab.*)
                0x0000000008000750                . = ALIGN (0x4)

.ARM            0x0000000008000750        0x0
                0x0000000008000750                . = ALIGN (0x4)
                0x0000000008000750                __exidx_start = .
 *(.ARM.exidx*)
                0x0000000008000750                __exidx_end = .
                0x0000000008000750                . = ALIGN (0x4)

.preinit_array  0x0000000008000750        0x0
                0x0000000008000750                . = ALIGN (0x4)
                0x0000000008000750                PROVIDE (__preinit_array_start = .)
 *(.preinit_array*)
                0x0000000008000750                PROVIDE (__preinit_array_end = .)
                0x0000000008000750                . = ALIGN (0x4)

.init_array     0x0000000008000750        0x4
                0x0000000008000750                . = ALIGN (0x4)
                0x0000000008000750                PROVIDE (__init_array_start = .)
 *(SORT_BY_NAME(.init_array.*))
 *(.init_array*)
 .init_array    0x0000000008000750        0x4 c:/program files (x86)/stm32cubeide_1.7.0/stm32cubeide/plugins/com.st.stm32cube.ide.mcu.externaltools.gnu-tools-for-stm32.9-2020-q2-update.win32_2.0.0.202105311346/tools/bin/../lib/gcc/arm-none-eabi/9.3.1/thumb/v7e-m+fp/hard/crtbegin.o
                0x0000000008000754                PROVIDE (__init_array_end = .)
                0x0000000008000754                . = ALIGN (0x4)

.fini_array     0x0000000008000754        0x4
                0x0000000008000754                . = ALIGN (0x4)
                [!provide]                        PROVIDE (__fini_array_start = .)
 *(SORT_BY_NAME(.fini_array.*))
 *(.fini_array*)
 .fini_array    0x0000000008000754        0x4 c:/program files (x86)/stm32cubeide_1.7.0/stm32cubeide/plugins/com.st.stm32cube.ide.mcu.externaltools.gnu-tools-for-stm32.9-2020-q2-update.win32_2.0.0.202105311346/tools/bin/../lib/gcc/arm-none-eabi/9.3.1/thumb/v7e-m+fp/hard/crtbegin.o
                [!provide]                        PROVIDE (__fini_array_end = .)
                0x0000000008000758                . = ALIGN (0x4)
                0x0000000008000758                _sidata = LOADADDR (.data)

.data           0x0000000020000000        0x0 load address 0x0000000008000758
                0x0000000020000000                . = ALIGN (0x4)
                0x0000000020000000                _sdata = .
 *(.data)
 *(.data*)
 *(.RamFunc)
 *(.RamFunc*)
                0x0000000020000000                . = ALIGN (0x4)
                0x0000000020000000                _edata = .
                0x0000000008000758                _siccmram = LOADADDR (.ccmram)

.igot.plt       0x0000000020000000        0x0 load address 0x0000000008000758
 .igot.plt      0x0000000020000000        0x0 c:/program files (x86)/stm32cubeide_1.7.0/stm32cubeide/plugins/com.st.stm32cube.ide.mcu.externaltools.gnu-tools-for-stm32.9-2020-q2-update.win32_2.0.0.202105311346/tools/bin/../lib/gcc/arm-none-eabi/9.3.1/thumb/v7e-m+fp/hard/crtbegin.o

.ccmram         0x0000000010000000        0x0 load address 0x0000000008000758
                0x0000000010000000                . = ALIGN (0x4)
                0x0000000010000000                _sccmram = .
 *(.ccmram)
 *(.ccmram*)
                0x0000000010000000                . = ALIGN (0x4)
                0x0000000010000000                _eccmram = .
                0x0000000010000000                . = ALIGN (0x4)

.bss            0x0000000020000000       0x1c
                0x0000000020000000                _sbss = .
                0x0000000020000000                __bss_start__ = _sbss
 *(.bss)
 .bss           0x0000000020000000       0x1c c:/program files (x86)/stm32cubeide_1.7.0/stm32cubeide/plugins/com.st.stm32cube.ide.mcu.externaltools.gnu-tools-for-stm32.9-2020-q2-update.win32_2.0.0.202105311346/tools/bin/../lib/gcc/arm-none-eabi/9.3.1/thumb/v7e-m+fp/hard/crtbegin.o
 *(.bss*)
 *(COMMON)
                0x000000002000001c                . = ALIGN (0x4)
                0x000000002000001c                _ebss = .
                0x000000002000001c                __bss_end__ = _ebss

._user_heap_stack
                0x000000002000001c      0x604
                0x0000000020000020                . = ALIGN (0x8)
 *fill*         0x000000002000001c        0x4 
                [!provide]                        PROVIDE (end = .)
                0x0000000020000020                PROVIDE (_end = .)
                0x0000000020000220                . = (. + _Min_Heap_Size)
 *fill*         0x0000000020000020      0x200 
                0x0000000020000620                . = (. + _Min_Stack_Size)
 *fill*         0x0000000020000220      0x400 
                0x0000000020000620                . = ALIGN (0x8)

/DISCARD/
 libc.a(*)
 libm.a(*)
 libgcc.a(*)

.ARM.attributes
                0x0000000000000000       0x30
 *(.ARM.attributes)
 .ARM.attributes
                0x0000000000000000       0x1e c:/program files (x86)/stm32cubeide_1.7.0/stm32cubeide/plugins/com.st.stm32cube.ide.mcu.externaltools.gnu-tools-for-stm32.9-2020-q2-update.win32_2.0.0.202105311346/tools/bin/../lib/gcc/arm-none-eabi/9.3.1/thumb/v7e-m+fp/hard/crti.o
 .ARM.attributes
                0x000000000000001e       0x34 c:/program files (x86)/stm32cubeide_1.7.0/stm32cubeide/plugins/com.st.stm32cube.ide.mcu.externaltools.gnu-tools-for-stm32.9-2020-q2-update.win32_2.0.0.202105311346/tools/bin/../lib/gcc/arm-none-eabi/9.3.1/thumb/v7e-m+fp/hard/crtbegin.o
 .ARM.attributes
                0x0000000000000052       0x34 ./Src/main.o
 .ARM.attributes
                0x0000000000000086       0x21 ./Startup/startup_stm32f407vgtx.o
 .ARM.attributes
                0x00000000000000a7       0x34 ./myDrivers/Src/EXTI.o
 .ARM.attributes
                0x00000000000000db       0x34 ./myDrivers/Src/GPIO.o
 .ARM.attributes
                0x000000000000010f       0x34 c:/program files (x86)/stm32cubeide_1.7.0/stm32cubeide/plugins/com.st.stm32cube.ide.mcu.externaltools.gnu-tools-for-stm32.9-2020-q2-update.win32_2.0.0.202105311346/tools/bin/../lib/gcc/arm-none-eabi/9.3.1/../../../../arm-none-eabi/lib/thumb/v7e-m+fp/hard\libc_nano.a(lib_a-init.o)
 .ARM.attributes
                0x0000000000000143       0x1e c:/program files (x86)/stm32cubeide_1.7.0/stm32cubeide/plugins/com.st.stm32cube.ide.mcu.externaltools.gnu-tools-for-stm32.9-2020-q2-update.win32_2.0.0.202105311346/tools/bin/../lib/gcc/arm-none-eabi/9.3.1/thumb/v7e-m+fp/hard/crtn.o
OUTPUT(driverDevelopment.elf elf32-littlearm)
LOAD linker stubs
LOAD c:/program files (x86)/stm32cubeide_1.7.0/stm32cubeide/plugins/com.st.stm32cube.ide.mcu.externaltools.gnu-tools-for-stm32.9-2020-q2-update.win32_2.0.0.202105311346/tools/bin/../lib/gcc/arm-none-eabi/9.3.1/../../../../arm-none-eabi/lib/thumb/v7e-m+fp/hard\libc.a
LOAD c:/program files (x86)/stm32cubeide_1.7.0/stm32cubeide/plugins/com.st.stm32cube.ide.mcu.externaltools.gnu-tools-for-stm32.9-2020-q2-update.win32_2.0.0.202105311346/tools/bin/../lib/gcc/arm-none-eabi/9.3.1/../../../../arm-none-eabi/lib/thumb/v7e-m+fp/hard\libm.a
LOAD c:/program files (x86)/stm32cubeide_1.7.0/stm32cubeide/plugins/com.st.stm32cube.ide.mcu.externaltools.gnu-tools-for-stm32.9-2020-q2-update.win32_2.0.0.202105311346/tools/bin/../lib/gcc/arm-none-eabi/9.3.1/thumb/v7e-m+fp/hard\libgcc.a

.debug_info     0x0000000000000000     0x2773
 .debug_info    0x0000000000000000      0xfa1 ./Src/main.o
 .debug_info    0x0000000000000fa1       0x22 ./Startup/startup_stm32f407vgtx.o
 .debug_info    0x0000000000000fc3      0xb9c ./myDrivers/Src/EXTI.o
 .debug_info    0x0000000000001b5f      0xc14 ./myDrivers/Src/GPIO.o

.debug_abbrev   0x0000000000000000      0x5d9
 .debug_abbrev  0x0000000000000000      0x210 ./Src/main.o
 .debug_abbrev  0x0000000000000210       0x12 ./Startup/startup_stm32f407vgtx.o
 .debug_abbrev  0x0000000000000222      0x1c8 ./myDrivers/Src/EXTI.o
 .debug_abbrev  0x00000000000003ea      0x1ef ./myDrivers/Src/GPIO.o

.debug_aranges  0x0000000000000000       0xd0
 .debug_aranges
                0x0000000000000000       0x38 ./Src/main.o
 .debug_aranges
                0x0000000000000038       0x28 ./Startup/startup_stm32f407vgtx.o
 .debug_aranges
                0x0000000000000060       0x30 ./myDrivers/Src/EXTI.o
 .debug_aranges
                0x0000000000000090       0x40 ./myDrivers/Src/GPIO.o

.debug_ranges   0x0000000000000000       0x98
 .debug_ranges  0x0000000000000000       0x28 ./Src/main.o
 .debug_ranges  0x0000000000000028       0x20 ./Startup/startup_stm32f407vgtx.o
 .debug_ranges  0x0000000000000048       0x20 ./myDrivers/Src/EXTI.o
 .debug_ranges  0x0000000000000068       0x30 ./myDrivers/Src/GPIO.o

.debug_macro    0x0000000000000000     0x22f8
 .debug_macro   0x0000000000000000      0x17b ./Src/main.o
 .debug_macro   0x000000000000017b      0xab4 ./Src/main.o
 .debug_macro   0x0000000000000c2f       0x22 ./Src/main.o
 .debug_macro   0x0000000000000c51       0x8e ./Src/main.o
 .debug_macro   0x0000000000000cdf       0x51 ./Src/main.o
 .debug_macro   0x0000000000000d30      0x103 ./Src/main.o
 .debug_macro   0x0000000000000e33       0x6a ./Src/main.o
 .debug_macro   0x0000000000000e9d      0x1df ./Src/main.o
 .debug_macro   0x000000000000107c       0x52 ./Src/main.o
 .debug_macro   0x00000000000010ce       0x18 ./Src/main.o
 .debug_macro   0x00000000000010e6       0x3c ./Src/main.o
 .debug_macro   0x0000000000001122       0x34 ./Src/main.o
 .debug_macro   0x0000000000001156      0x174 ./Src/main.o
 .debug_macro   0x00000000000012ca       0x16 ./Src/main.o
 .debug_macro   0x00000000000012e0       0x43 ./Src/main.o
 .debug_macro   0x0000000000001323       0x34 ./Src/main.o
 .debug_macro   0x0000000000001357       0x10 ./Src/main.o
 .debug_macro   0x0000000000001367       0x58 ./Src/main.o
 .debug_macro   0x00000000000013bf       0x71 ./Src/main.o
 .debug_macro   0x0000000000001430       0x1c ./Src/main.o
 .debug_macro   0x000000000000144c      0x12a ./Src/main.o
 .debug_macro   0x0000000000001576      0x339 ./Src/main.o
 .debug_macro   0x00000000000018af       0x10 ./Src/main.o
 .debug_macro   0x00000000000018bf       0x35 ./Src/main.o
 .debug_macro   0x00000000000018f4       0x20 ./Src/main.o
 .debug_macro   0x0000000000001914      0x230 ./Src/main.o
 .debug_macro   0x0000000000001b44       0x70 ./Src/main.o
 .debug_macro   0x0000000000001bb4      0x11e ./Src/main.o
 .debug_macro   0x0000000000001cd2       0xb8 ./Src/main.o
 .debug_macro   0x0000000000001d8a       0x9a ./Src/main.o
 .debug_macro   0x0000000000001e24      0x185 ./myDrivers/Src/EXTI.o
 .debug_macro   0x0000000000001fa9       0xb2 ./myDrivers/Src/EXTI.o
 .debug_macro   0x000000000000205b      0x185 ./myDrivers/Src/GPIO.o
 .debug_macro   0x00000000000021e0      0x118 ./myDrivers/Src/GPIO.o

.debug_line     0x0000000000000000     0x17a9
 .debug_line    0x0000000000000000      0x728 ./Src/main.o
 .debug_line    0x0000000000000728       0x84 ./Startup/startup_stm32f407vgtx.o
 .debug_line    0x00000000000007ac      0x7da ./myDrivers/Src/EXTI.o
 .debug_line    0x0000000000000f86      0x823 ./myDrivers/Src/GPIO.o

.debug_str      0x0000000000000000     0x9597
 .debug_str     0x0000000000000000     0x9404 ./Src/main.o
                                       0x969a (size before relaxing)
 .debug_str     0x0000000000009404       0x31 ./Startup/startup_stm32f407vgtx.o
                                         0x5c (size before relaxing)
 .debug_str     0x0000000000009435       0x98 ./myDrivers/Src/EXTI.o
                                       0x9456 (size before relaxing)
 .debug_str     0x00000000000094cd       0xca ./myDrivers/Src/GPIO.o
                                       0x9425 (size before relaxing)

.comment        0x0000000000000000       0x53
 .comment       0x0000000000000000       0x53 ./Src/main.o
                                         0x54 (size before relaxing)
 .comment       0x0000000000000053       0x54 ./myDrivers/Src/EXTI.o
 .comment       0x0000000000000053       0x54 ./myDrivers/Src/GPIO.o

.debug_frame    0x0000000000000000      0x21c
 .debug_frame   0x0000000000000000       0x90 ./Src/main.o
 .debug_frame   0x0000000000000090       0x88 ./myDrivers/Src/EXTI.o
 .debug_frame   0x0000000000000118       0xd8 ./myDrivers/Src/GPIO.o
 .debug_frame   0x00000000000001f0       0x2c c:/program files (x86)/stm32cubeide_1.7.0/stm32cubeide/plugins/com.st.stm32cube.ide.mcu.externaltools.gnu-tools-for-stm32.9-2020-q2-update.win32_2.0.0.202105311346/tools/bin/../lib/gcc/arm-none-eabi/9.3.1/../../../../arm-none-eabi/lib/thumb/v7e-m+fp/hard\libc_nano.a(lib_a-init.o)
