00:27:15 **** Incremental Build of configuration Debug for project 002_GPIO_Button ****
make -j16 all 
arm-none-eabi-gcc "../Core/Src/main.c" -mcpu=cortex-m4 -std=gnu11 -g3 -DDEBUG -DUSE_HAL_DRIVER -DSTM32F407xx -c -I../Core/Inc -I../Drivers/STM32F4xx_HAL_Driver/Inc -I../Drivers/STM32F4xx_HAL_Driver/Inc/Legacy -I../Drivers/CMSIS/Device/ST/STM32F4xx/Include -I../Drivers/CMSIS/Include -O0 -ffunction-sections -fdata-sections -Wall -fstack-usage -MMD -MP -MF"Core/Src/main.d" -MT"Core/Src/main.o" --specs=nano.specs -mfpu=fpv4-sp-d16 -mfloat-abi=hard -mthumb -o "Core/Src/main.o"
arm-none-eabi-gcc -o "002_GPIO_Button.elf" @"objects.list"   -mcpu=cortex-m4 -T"C:\workspace\STM32CubeIDE\STM32\002_GPIO_Button\STM32F407VGTX_FLASH.ld" --specs=nosys.specs -Wl,-Map="002_GPIO_Button.map" -Wl,--gc-sections -static --specs=nano.specs -mfpu=fpv4-sp-d16 -mfloat-abi=hard -mthumb -Wl,--start-group -lc -lm -Wl,--end-group
Finished building target: 002_GPIO_Button.elf
 
arm-none-eabi-size   002_GPIO_Button.elf 
arm-none-eabi-objdump -h -S  002_GPIO_Button.elf  > "002_GPIO_Button.list"
   text	   data	    bss	    dec	    hex	filename
   6240	     20	   1572	   7832	   1e98	002_GPIO_Button.elf
Finished building: default.size.stdout
 
Finished building: 002_GPIO_Button.list
 

00:27:15 Build Finished. 0 errors, 0 warnings. (took 521ms)

